// Jest Snapshot v1, https://goo.gl/fbAQLP

exports[`renders correctly 1`] = `
<Text
  onPress={[Function]}
  style={
    Object {
      "color": "#00B8DE",
    }
  }
/>
`;
