// Jest Snapshot v1, https://goo.gl/fbAQLP

exports[`renders correctly 1`] = `
<View
  style={
    Object {
      "backgroundColor": "#32BE69",
      "height": 10,
      "width": "20%",
    }
  }
/>
`;
