// Jest Snapshot v1, https://goo.gl/fbAQLP

exports[`Bills Render Form 1`] = `
Array [
  <Modal
    animationType="fade"
    hardwareAccelerated={false}
    onRequestClose={[Function]}
    supportedOrientations={
      Array [
        "portrait",
        "portrait-upside-down",
        "landscape",
        "landscape-left",
        "landscape-right",
      ]
    }
    transparent={true}
    visible={false}
  >
    <View
      onLayout={[Function]}
      style={
        Array [
          Array [
            Object {
              "backgroundColor": "#00000077",
              "flex": 1,
            },
            undefined,
          ],
          Object {
            "paddingBottom": 0,
          },
        ]
      }
    >
      <View
        accessible={true}
        clickable={true}
        isTVSelectable={true}
        onClick={[Function]}
        onResponderGrant={[Function]}
        onResponderMove={[Function]}
        onResponderRelease={[Function]}
        onResponderTerminate={[Function]}
        onResponderTerminationRequest={[Function]}
        onStartShouldSetResponder={[Function]}
        style={
          Object {
            "backgroundColor": "transparent",
            "flex": 1,
            "opacity": 1,
          }
        }
      />
      <View
        onMoveShouldSetResponder={[Function]}
        onMoveShouldSetResponderCapture={[Function]}
        onResponderEnd={[Function]}
        onResponderGrant={[Function]}
        onResponderMove={[Function]}
        onResponderReject={[Function]}
        onResponderRelease={[Function]}
        onResponderStart={[Function]}
        onResponderTerminate={[Function]}
        onResponderTerminationRequest={[Function]}
        onStartShouldSetResponder={[Function]}
        onStartShouldSetResponderCapture={[Function]}
        style={
          Object {
            "alignItems": "center",
            "backgroundColor": "#fff",
            "height": 0,
            "justifyContent": "center",
            "overflow": "hidden",
            "transform": Array [
              Object {
                "translateX": 0,
              },
              Object {
                "translateY": 0,
              },
            ],
            "width": "100%",
          }
        }
      >
        <View
          style={
            Object {
              "alignItems": "center",
              "flex": null,
              "justifyContent": "center",
            }
          }
        >
          <ActivityIndicator
            animating={true}
            color="#00425F"
            hidesWhenStopped={true}
            size="large"
          />
        </View>
        <Text
          style={
            Object {
              "color": "#808593",
              "fontFamily": "Mark Simonson - Proxima Nova Alt Regular-webfont",
              "fontSize": 16,
              "fontWeight": "normal",
              "marginTop": 5,
            }
          }
        >
          Fetching customer's payable amount
        </Text>
      </View>
    </View>
  </Modal>,
  <View
    style={
      Object {
        "paddingBottom": 20,
      }
    }
  >
    <View
      style={
        Object {
          "alignItems": "center",
          "flex": 0.7,
          "flexDirection": "row",
          "padding": 4,
        }
      }
    >
      <Image
        source={
          Object {
            "uri": undefined,
          }
        }
        style={
          Object {
            "height": 75,
            "width": 75,
          }
        }
      />
      <Text
        bold={true}
        style={
          Object {
            "color": "#808593",
            "fontFamily": "Mark Simonson - Proxima Nova Alt Bold-webfont",
            "fontSize": 16,
            "fontWeight": "normal",
            "marginLeft": 10,
          }
        }
      />
    </View>
    <View
      style={
        Array [
          Array [
            Object {
              "marginBottom": 28,
            },
            Object {
              "marginBottom": 20,
              "marginHorizontal": 4,
              "marginTop": 8,
            },
          ],
          Object {
            "marginBottom": 8,
          },
        ]
      }
    >
      <Modal
        animationType="fade"
        hardwareAccelerated={false}
        onRequestClose={[Function]}
        supportedOrientations={
          Array [
            "portrait",
            "portrait-upside-down",
            "landscape",
            "landscape-left",
            "landscape-right",
          ]
        }
        transparent={true}
        visible={false}
      >
        <View
          onLayout={[Function]}
          style={
            Array [
              Array [
                Object {
                  "backgroundColor": "#00000077",
                  "flex": 1,
                },
                undefined,
              ],
              Object {
                "paddingBottom": 0,
              },
            ]
          }
        >
          <View
            accessible={true}
            clickable={true}
            isTVSelectable={true}
            onClick={[Function]}
            onResponderGrant={[Function]}
            onResponderMove={[Function]}
            onResponderRelease={[Function]}
            onResponderTerminate={[Function]}
            onResponderTerminationRequest={[Function]}
            onStartShouldSetResponder={[Function]}
            style={
              Object {
                "backgroundColor": "transparent",
                "flex": 1,
                "opacity": 1,
              }
            }
          />
          <View
            onMoveShouldSetResponder={[Function]}
            onMoveShouldSetResponderCapture={[Function]}
            onResponderEnd={[Function]}
            onResponderGrant={[Function]}
            onResponderMove={[Function]}
            onResponderReject={[Function]}
            onResponderRelease={[Function]}
            onResponderStart={[Function]}
            onResponderTerminate={[Function]}
            onResponderTerminationRequest={[Function]}
            onStartShouldSetResponder={[Function]}
            onStartShouldSetResponderCapture={[Function]}
            style={
              Object {
                "backgroundColor": "#fff",
                "height": 0,
                "overflow": "hidden",
                "transform": Array [
                  Object {
                    "translateX": 0,
                  },
                  Object {
                    "translateY": 0,
                  },
                ],
                "width": "100%",
              }
            }
          >
            <View
              style={
                Object {
                  "alignItems": "center",
                  "backgroundColor": "transparent",
                  "width": "100%",
                }
              }
            >
              <View
                style={
                  Array [
                    Object {
                      "backgroundColor": "#ccc",
                      "borderRadius": 5,
                      "height": 5,
                      "margin": 10,
                      "width": 35,
                    },
                    undefined,
                  ]
                }
              />
            </View>
            <View
              style={
                Object {
                  "flex": 1,
                }
              }
            >
              <View
                style={
                  Array [
                    Object {
                      "padding": 16,
                    },
                    Object {
                      "marginBottom": 12,
                    },
                  ]
                }
              >
                <View
                  style={
                    Object {
                      "alignItems": "center",
                      "backgroundColor": "#F3F5F6",
                      "borderColor": "rgba(243, 245, 246, 1)",
                      "borderRadius": 8,
                      "borderWidth": 1.5,
                      "flexDirection": "row",
                      "height": 60,
                      "justifyContent": "flex-start",
                      "padding": 0,
                    }
                  }
                >
                  <TextInput
                    allowFontScaling={true}
                    defaultValue=""
                    editable={true}
                    onBlur={[Function]}
                    onChangeText={[Function]}
                    onFocus={[Function]}
                    onSubmitEditing={[Function]}
                    placeholder="Search..."
                    placeholderTextColor="#808593"
                    rejectResponderTermination={true}
                    returnKeyType="next"
                    style={
                      Object {
                        "fontFamily": "Mark Simonson - Proxima Nova Alt Regular-webfont",
                        "fontSize": 16,
                        "height": undefined,
                        "padding": 0,
                        "paddingLeft": 15,
                        "paddingVertical": undefined,
                        "width": "85%",
                      }
                    }
                    underlineColorAndroid="transparent"
                  />
                </View>
                <View
                  style={
                    Object {
                      "flexDirection": "row",
                      "position": "absolute",
                      "top": 90,
                    }
                  }
                >
                  <Text
                    grey={true}
                    mid={true}
                    style={
                      Object {
                        "color": "#808593",
                        "fontFamily": "Mark Simonson - Proxima Nova Alt Regular-webfont",
                        "fontSize": 14,
                        "fontWeight": "normal",
                      }
                    }
                  />
                </View>
              </View>
              <RCTScrollView
                contentContainerStyle={Object {}}
              >
                <View />
              </RCTScrollView>
            </View>
          </View>
        </View>
      </Modal>
      <Text
        style={
          Object {
            "color": "#353F50",
            "fontFamily": "Mark Simonson - Proxima Nova Semibold-webfont",
            "fontSize": 16,
          }
        }
      >
        Select a biller option:
      </Text>
      <View
        style={
          Object {
            "alignItems": "center",
            "backgroundColor": "#F3F5F6",
            "borderColor": "#F3F5F6",
            "borderRadius": 8,
            "borderWidth": 1.5,
            "flexDirection": "row",
            "height": 60,
            "justifyContent": "space-between",
            "marginTop": 5,
            "paddingHorizontal": 10,
          }
        }
      >
        <View
          style={
            Object {
              "position": "absolute",
              "right": 15,
            }
          }
        >
          <View
            style={
              Object {
                "alignItems": "center",
                "backgroundColor": "transparent",
                "justifyContent": "center",
              }
            }
            theme={
              Object {
                "colors": Object {
                  "disabled": "hsl(208, 8%, 90%)",
                  "divider": "#bcbbc1",
                  "error": "#ff190c",
                  "grey0": "#393e42",
                  "grey1": "#43484d",
                  "grey2": "#5e6977",
                  "grey3": "#86939e",
                  "grey4": "#bdc6cf",
                  "grey5": "#e1e8ee",
                  "greyOutline": "#bbb",
                  "platform": Object {
                    "android": Object {
                      "error": "#f44336",
                      "primary": "#2196f3",
                      "secondary": "#9C27B0",
                      "success": "#4caf50",
                      "warning": "#ffeb3b",
                    },
                    "ios": Object {
                      "error": "#ff3b30",
                      "primary": "#007aff",
                      "secondary": "#5856d6",
                      "success": "#4cd964",
                      "warning": "#ffcc00",
                    },
                  },
                  "primary": "#2089dc",
                  "searchBg": "#303337",
                  "secondary": "#8F0CE8",
                  "success": "#52c41a",
                  "warning": "#faad14",
                },
              }
            }
            underlayColor="white"
          >
            <Text
              allowFontScaling={false}
              style={
                Array [
                  Object {
                    "color": "black",
                    "fontSize": 24,
                  },
                  Object {
                    "backgroundColor": "transparent",
                  },
                  Object {
                    "fontFamily": "Feather",
                    "fontStyle": "normal",
                    "fontWeight": "normal",
                  },
                  Object {},
                ]
              }
              testID="iconIcon"
            >
              
            </Text>
          </View>
        </View>
        <View
          accessible={true}
          clickable={true}
          isTVSelectable={true}
          onClick={[Function]}
          onResponderGrant={[Function]}
          onResponderMove={[Function]}
          onResponderRelease={[Function]}
          onResponderTerminate={[Function]}
          onResponderTerminationRequest={[Function]}
          onStartShouldSetResponder={[Function]}
          style={
            Object {
              "opacity": 1,
              "width": "100%",
            }
          }
        >
          <View
            style={
              Object {
                "height": "100%",
                "justifyContent": "center",
                "padding": 20,
                "width": "100%",
              }
            }
          >
            <Text
              black={true}
              style={
                Object {
                  "color": "#353F50",
                  "fontFamily": "Mark Simonson - Proxima Nova Alt Regular-webfont",
                  "fontSize": 16,
                  "fontWeight": "normal",
                }
              }
            >
              Select an option
            </Text>
          </View>
        </View>
      </View>
    </View>
  </View>,
  <View
    style={
      Object {
        "backgroundColor": "#FFFFFF",
        "borderTopColor": "#F3F3F4",
        "borderTopWidth": 20,
        "marginLeft": -20,
        "opacity": 0.2,
        "padding": 20,
        "paddingTop": 8,
        "width": "110%",
      }
    }
  >
    <Text
      big={true}
      black={true}
      style={
        Object {
          "color": "#353F50",
          "fontFamily": "Mark Simonson - Proxima Nova Alt Regular-webfont",
          "fontSize": 20,
          "fontWeight": "normal",
          "lineHeight": 30,
        }
      }
    >
      Pay Bill
    </Text>
    <View
      style={
        Object {
          "backgroundColor": "#bcbbc1",
          "height": 0.5,
          "marginBottom": 20,
          "marginTop": 10,
        }
      }
    />
    <View
      style={
        Array [
          Object {
            "marginBottom": 28,
          },
          Object {
            "marginBottom": 40,
          },
        ]
      }
    >
      <View
        style={
          Object {
            "alignItems": "center",
            "flexDirection": "row",
            "justifyContent": "flex-start",
          }
        }
      >
        <Text
          style={
            Object {
              "color": "#353F50",
              "fontFamily": "Mark Simonson - Proxima Nova Semibold-webfont",
              "fontSize": 16,
            }
          }
        >
          Amount:
           
          
        </Text>
      </View>
      <View
        style={
          Object {
            "alignItems": "center",
            "backgroundColor": "#F3F5F6",
            "borderColor": "rgba(243, 245, 246, 1)",
            "borderRadius": 8,
            "borderWidth": 1.5,
            "flexDirection": "row",
            "height": 60,
            "justifyContent": "flex-start",
            "marginTop": 5,
            "padding": 0,
          }
        }
      >
        <TextInput
          allowFontScaling={true}
          autoCompleteType="tel"
          defaultValue="0.00"
          editable={true}
          keyboardType="number-pad"
          onBlur={[Function]}
          onChangeText={[Function]}
          onFocus={[Function]}
          onSubmitEditing={[Function]}
          placeholder="0.00"
          placeholderTextColor="#808593"
          rejectResponderTermination={true}
          returnKeyType="next"
          style={
            Object {
              "fontFamily": "Mark Simonson - Proxima Nova Alt Regular-webfont",
              "fontSize": 16,
              "height": undefined,
              "padding": 0,
              "paddingLeft": 15,
              "paddingVertical": undefined,
              "width": "85%",
            }
          }
          underlineColorAndroid="transparent"
        />
      </View>
      <View
        style={
          Object {
            "flexDirection": "row",
            "position": "absolute",
            "top": 90,
          }
        }
      >
        <Text
          grey={true}
          mid={true}
          style={
            Object {
              "color": "#808593",
              "fontFamily": "Mark Simonson - Proxima Nova Alt Regular-webfont",
              "fontSize": 14,
              "fontWeight": "normal",
            }
          }
        />
      </View>
    </View>
    <View
      style={
        Array [
          Object {
            "marginBottom": 28,
          },
          Object {
            "marginBottom": 40,
          },
        ]
      }
    >
      <View
        style={
          Object {
            "alignItems": "center",
            "flexDirection": "row",
            "justifyContent": "flex-start",
          }
        }
      >
        <Text
          style={
            Object {
              "color": "#353F50",
              "fontFamily": "Mark Simonson - Proxima Nova Semibold-webfont",
              "fontSize": 16,
            }
          }
        >
          Phone:
           
          
        </Text>
      </View>
      <View
        style={
          Object {
            "alignItems": "center",
            "backgroundColor": "#F3F5F6",
            "borderColor": "rgba(243, 245, 246, 1)",
            "borderRadius": 8,
            "borderWidth": 1.5,
            "flexDirection": "row",
            "height": 60,
            "justifyContent": "flex-start",
            "marginTop": 5,
            "padding": 0,
          }
        }
      >
        <TextInput
          allowFontScaling={true}
          autoCompleteType="tel"
          editable={true}
          keyboardType="number-pad"
          onBlur={[Function]}
          onChangeText={[Function]}
          onFocus={[Function]}
          onSubmitEditing={[Function]}
          placeholder="08012345678"
          placeholderTextColor="#808593"
          rejectResponderTermination={true}
          returnKeyType="next"
          style={
            Object {
              "fontFamily": "Mark Simonson - Proxima Nova Alt Regular-webfont",
              "fontSize": 16,
              "height": undefined,
              "padding": 0,
              "paddingLeft": 15,
              "paddingVertical": undefined,
              "width": "85%",
            }
          }
          underlineColorAndroid="transparent"
        />
      </View>
      <View
        style={
          Object {
            "flexDirection": "row",
            "position": "absolute",
            "top": 90,
          }
        }
      >
        <Text
          grey={true}
          mid={true}
          style={
            Object {
              "color": "#808593",
              "fontFamily": "Mark Simonson - Proxima Nova Alt Regular-webfont",
              "fontSize": 14,
              "fontWeight": "normal",
            }
          }
        />
      </View>
    </View>
    <View
      style={
        Array [
          Object {
            "marginBottom": 28,
          },
          Object {
            "marginBottom": 40,
          },
        ]
      }
    >
      <View
        style={
          Object {
            "alignItems": "center",
            "flexDirection": "row",
            "justifyContent": "flex-start",
          }
        }
      >
        <Text
          style={
            Object {
              "color": "#353F50",
              "fontFamily": "Mark Simonson - Proxima Nova Semibold-webfont",
              "fontSize": 16,
            }
          }
        >
          Email:
           
          (Optional)
        </Text>
      </View>
      <View
        style={
          Object {
            "alignItems": "center",
            "backgroundColor": "#F3F5F6",
            "borderColor": "rgba(243, 245, 246, 1)",
            "borderRadius": 8,
            "borderWidth": 1.5,
            "flexDirection": "row",
            "height": 60,
            "justifyContent": "flex-start",
            "marginTop": 5,
            "padding": 0,
          }
        }
      >
        <View
          style={
            Object {
              "padding": 10,
              "width": "15%",
            }
          }
        >
          <View>
            <View
              style={
                Object {
                  "alignItems": "center",
                  "backgroundColor": "transparent",
                  "justifyContent": "center",
                }
              }
              theme={
                Object {
                  "colors": Object {
                    "disabled": "hsl(208, 8%, 90%)",
                    "divider": "#bcbbc1",
                    "error": "#ff190c",
                    "grey0": "#393e42",
                    "grey1": "#43484d",
                    "grey2": "#5e6977",
                    "grey3": "#86939e",
                    "grey4": "#bdc6cf",
                    "grey5": "#e1e8ee",
                    "greyOutline": "#bbb",
                    "platform": Object {
                      "android": Object {
                        "error": "#f44336",
                        "primary": "#2196f3",
                        "secondary": "#9C27B0",
                        "success": "#4caf50",
                        "warning": "#ffeb3b",
                      },
                      "ios": Object {
                        "error": "#ff3b30",
                        "primary": "#007aff",
                        "secondary": "#5856d6",
                        "success": "#4cd964",
                        "warning": "#ffcc00",
                      },
                    },
                    "primary": "#2089dc",
                    "searchBg": "#303337",
                    "secondary": "#8F0CE8",
                    "success": "#52c41a",
                    "warning": "#faad14",
                  },
                }
              }
              underlayColor="white"
            >
              <Text
                allowFontScaling={false}
                style={
                  Array [
                    Object {
                      "color": "#BFC2C6",
                      "fontSize": 28,
                    },
                    Object {
                      "backgroundColor": "transparent",
                    },
                    Object {
                      "fontFamily": "Material Icons",
                      "fontStyle": "normal",
                      "fontWeight": "normal",
                    },
                    Object {},
                  ]
                }
                testID="iconIcon"
              >
                
              </Text>
            </View>
          </View>
        </View>
        <TextInput
          allowFontScaling={true}
          autoCapitalize="none"
          autoCompleteType="email"
          editable={true}
          keyboardType="email-address"
          onBlur={[Function]}
          onChangeText={[Function]}
          onFocus={[Function]}
          onSubmitEditing={[Function]}
          placeholder="johndoe@example.com"
          placeholderTextColor="#808593"
          rejectResponderTermination={true}
          returnKeyType="next"
          style={
            Object {
              "fontFamily": "Mark Simonson - Proxima Nova Alt Regular-webfont",
              "fontSize": 16,
              "height": undefined,
              "padding": 0,
              "paddingLeft": 15,
              "paddingVertical": undefined,
              "width": "85%",
            }
          }
          textContentType="emailAddress"
          underlineColorAndroid="transparent"
        />
      </View>
      <View
        style={
          Object {
            "flexDirection": "row",
            "position": "absolute",
            "top": 90,
          }
        }
      >
        <Text
          grey={true}
          mid={true}
          style={
            Object {
              "color": "#808593",
              "fontFamily": "Mark Simonson - Proxima Nova Alt Regular-webfont",
              "fontSize": 14,
              "fontWeight": "normal",
            }
          }
        />
      </View>
    </View>
    <View
      style={
        Array [
          Object {
            "marginBottom": 10,
          },
          Object {
            "marginBottom": 22,
          },
        ]
      }
    >
      <View
        style={
          Object {
            "alignItems": "center",
            "flexDirection": "row",
            "justifyContent": "flex-start",
          }
        }
      >
        <Text
          style={
            Object {
              "color": "#353F50",
              "fontFamily": "Mark Simonson - Proxima Nova Semibold-webfont",
              "fontSize": 16,
            }
          }
        >
          Address:
           
          (Optional)
        </Text>
      </View>
      <View
        style={
          Object {
            "alignItems": "center",
            "backgroundColor": "#F3F5F6",
            "borderColor": "rgba(243, 245, 246, 1)",
            "borderRadius": 8,
            "borderWidth": 1.5,
            "flexDirection": "row",
            "height": 60,
            "justifyContent": "flex-start",
            "marginTop": 5,
            "padding": 0,
          }
        }
      >
        <TextInput
          allowFontScaling={true}
          autoCompleteType="street-address"
          editable={true}
          onBlur={[Function]}
          onChangeText={[Function]}
          onFocus={[Function]}
          onSubmitEditing={[Function]}
          placeholder="221b, Baker Street"
          placeholderTextColor="#808593"
          rejectResponderTermination={true}
          returnKeyType="next"
          style={
            Object {
              "fontFamily": "Mark Simonson - Proxima Nova Alt Regular-webfont",
              "fontSize": 16,
              "height": undefined,
              "padding": 0,
              "paddingLeft": 15,
              "paddingVertical": undefined,
              "width": "85%",
            }
          }
          underlineColorAndroid="transparent"
        />
      </View>
      <View
        style={
          Object {
            "flexDirection": "row",
            "position": "absolute",
            "top": 90,
          }
        }
      >
        <Text
          grey={true}
          mid={true}
          style={
            Object {
              "color": "#808593",
              "fontFamily": "Mark Simonson - Proxima Nova Alt Regular-webfont",
              "fontSize": 14,
              "fontWeight": "normal",
            }
          }
        />
      </View>
    </View>
    <View
      style={
        Array [
          Object {
            "marginBottom": 28,
          },
          Object {
            "marginBottom": 36,
          },
        ]
      }
    >
      <Text
        style={
          Object {
            "color": "#353F50",
            "fontFamily": "Mark Simonson - Proxima Nova Semibold-webfont",
            "fontSize": 16,
          }
        }
      >
        Gender:
         
        
      </Text>
      <View
        style={
          Object {
            "flexDirection": "row",
            "flexWrap": "wrap",
          }
        }
      >
        <View
          accessible={true}
          clickable={true}
          isTVSelectable={true}
          onClick={[Function]}
          onResponderGrant={[Function]}
          onResponderMove={[Function]}
          onResponderRelease={[Function]}
          onResponderTerminate={[Function]}
          onResponderTerminationRequest={[Function]}
          onStartShouldSetResponder={[Function]}
          style={
            Object {
              "backgroundColor": "#fafafa",
              "borderColor": "#ededed",
              "borderRadius": 3,
              "borderWidth": 1,
              "margin": 5,
              "marginLeft": 10,
              "marginRight": 10,
              "opacity": 1,
              "padding": 10,
            }
          }
        >
          <View
            style={
              Object {
                "alignItems": "center",
                "flexDirection": "row",
                "justifyContent": "center",
              }
            }
          >
            <Text
              allowFontScaling={false}
              style={
                Array [
                  Object {
                    "color": "#bfbfbf",
                    "fontSize": 24,
                  },
                  Object {
                    "minWidth": 24,
                  },
                  Object {
                    "fontFamily": "Material Icons",
                    "fontStyle": "normal",
                    "fontWeight": "normal",
                  },
                  Object {},
                ]
              }
            >
              
            </Text>
            <Text
              style={
                Object {
                  "color": "#353F50",
                  "marginLeft": 5,
                }
              }
              testID="checkboxTitle"
              theme={
                Object {
                  "colors": Object {
                    "disabled": "hsl(208, 8%, 90%)",
                    "divider": "#bcbbc1",
                    "error": "#ff190c",
                    "grey0": "#393e42",
                    "grey1": "#43484d",
                    "grey2": "#5e6977",
                    "grey3": "#86939e",
                    "grey4": "#bdc6cf",
                    "grey5": "#e1e8ee",
                    "greyOutline": "#bbb",
                    "platform": Object {
                      "android": Object {
                        "error": "#f44336",
                        "primary": "#2196f3",
                        "secondary": "#9C27B0",
                        "success": "#4caf50",
                        "warning": "#ffeb3b",
                      },
                      "ios": Object {
                        "error": "#ff3b30",
                        "primary": "#007aff",
                        "secondary": "#5856d6",
                        "success": "#4cd964",
                        "warning": "#ffcc00",
                      },
                    },
                    "primary": "#2089dc",
                    "searchBg": "#303337",
                    "secondary": "#8F0CE8",
                    "success": "#52c41a",
                    "warning": "#faad14",
                  },
                }
              }
            >
              Male
            </Text>
          </View>
        </View>
        <View
          accessible={true}
          clickable={true}
          isTVSelectable={true}
          onClick={[Function]}
          onResponderGrant={[Function]}
          onResponderMove={[Function]}
          onResponderRelease={[Function]}
          onResponderTerminate={[Function]}
          onResponderTerminationRequest={[Function]}
          onStartShouldSetResponder={[Function]}
          style={
            Object {
              "backgroundColor": "#fafafa",
              "borderColor": "#ededed",
              "borderRadius": 3,
              "borderWidth": 1,
              "margin": 5,
              "marginLeft": 10,
              "marginRight": 10,
              "opacity": 1,
              "padding": 10,
            }
          }
        >
          <View
            style={
              Object {
                "alignItems": "center",
                "flexDirection": "row",
                "justifyContent": "center",
              }
            }
          >
            <Text
              allowFontScaling={false}
              style={
                Array [
                  Object {
                    "color": "#bfbfbf",
                    "fontSize": 24,
                  },
                  Object {
                    "minWidth": 24,
                  },
                  Object {
                    "fontFamily": "Material Icons",
                    "fontStyle": "normal",
                    "fontWeight": "normal",
                  },
                  Object {},
                ]
              }
            >
              
            </Text>
            <Text
              style={
                Object {
                  "color": "#353F50",
                  "marginLeft": 5,
                }
              }
              testID="checkboxTitle"
              theme={
                Object {
                  "colors": Object {
                    "disabled": "hsl(208, 8%, 90%)",
                    "divider": "#bcbbc1",
                    "error": "#ff190c",
                    "grey0": "#393e42",
                    "grey1": "#43484d",
                    "grey2": "#5e6977",
                    "grey3": "#86939e",
                    "grey4": "#bdc6cf",
                    "grey5": "#e1e8ee",
                    "greyOutline": "#bbb",
                    "platform": Object {
                      "android": Object {
                        "error": "#f44336",
                        "primary": "#2196f3",
                        "secondary": "#9C27B0",
                        "success": "#4caf50",
                        "warning": "#ffeb3b",
                      },
                      "ios": Object {
                        "error": "#ff3b30",
                        "primary": "#007aff",
                        "secondary": "#5856d6",
                        "success": "#4cd964",
                        "warning": "#ffcc00",
                      },
                    },
                    "primary": "#2089dc",
                    "searchBg": "#303337",
                    "secondary": "#8F0CE8",
                    "success": "#52c41a",
                    "warning": "#faad14",
                  },
                }
              }
            >
              Female
            </Text>
          </View>
        </View>
      </View>
    </View>
  </View>,
]
`;
